 Jul 29 2019 12:21:46

rst:0x1 (POWERO�ets Jul 29 2019 12:21:46

rst:0x1 (POWERON_RESET),boot:0x13 (SPI_FAST_FLASH_BOOT)
configsip: 0, SPIWP:0xee
clk_drv:0x00,q_drv:0x00,d_drv:0x00,cs0_drv:0x00,hd_drv:0x00,wp_drv:0x00
mode:DIO, clock div:2
load:0x3fff0030,len:7176
load:0x40078000,len:15564
ho 0 tail 12 room 4
load:0x40080400,len:4
load:0x40080404,len:3904
entry 0x40080640
[0;32mI (31) boot: ESP-IDF v5.3.1-dirty 2nd stage bootloader[0m
[0;32mI (31) boot: compile time Mar 21 2026 04:35:37[0m
[0;32mI (31) boot: Multicore bootloader[0m
[0;32mI (36) boot: chip revision: v3.1[0m
[0;32mI (40) boot.esp32: SPI Speed      : 40MHz[0m
[0;32mI (44) boot.esp32: SPI Mode       : DIO[0m
[0;32mI (49) boot.esp32: SPI Flash Size : 2MB[0m
[0;32mI (53) boot: Enabling RNG early entropy source...[0m
[0;32mI (59) boot: Partition Table:[0m
[0;32mI (62) boot: ## Label            Usage          Type ST Offset   Length[0m
[0;32mI (70) boot:  0 nvs              WiFi data        01 02 00009000 00006000[0m
[0;32mI (77) boot:  1 phy_init         RF data          01 01 0000f000 00001000[0m
[0;32mI (85) boot:  2 factory          factory app      00 00 00010000 00100000[0m
[0;32mI (92) boot: End of partition table[0m
[0;32mI (96) esp_image: segment 0: paddr=00010020 vaddr=3f400020 size=1f240h (127552) map[0m
[0;32mI (149) esp_image: segment 1: paddr=0002f268 vaddr=3ffb0000 size=00db0h (  3504) load[0m
[0;32mI (150) esp_image: segment 2: paddr=00030020 vaddr=400d0020 size=83044h (536644) map[0m
[0;32mI (338) esp_image: segment 3: paddr=000b306c vaddr=3ffb0db0 size=03120h ( 12576) load[0m
[0;32mI (343) esp_image: segment 4: paddr=000b6194 vaddr=40080000 size=1734ch ( 95052) load[0m
[0;32mI (393) boot: Loaded app from partition at offset 0x10000[0m
[0;32mI (393) boot: Disabling RNG early entropy source...[0m
[0;32mI (405) cpu_start: Multicore app[0m
[0;32mI (413) cpu_start: Pro cpu start user code[0m
[0;32mI (413) cpu_start: cpu freq: 160000000 Hz[0m
[0;32mI (413) app_init: Application information:[0m
[0;32mI (416) app_init: Project name:     app-template[0m
[0;32mI (422) app_init: App version:      757848b-dirty[0m
[0;32mI (427) app_init: Compile time:     Mar 21 2026 04:35:29[0m
[0;32mI (433) app_init: ELF file SHA256:  78ee49e68...[0m
[0;32mI (438) app_init: ESP-IDF:          v5.3.1-dirty[0m
[0;32mI (444) efuse_init: Min chip rev:     v0.0[0m
[0;32mI (448) efuse_init: Max chip rev:     v3.99 [0m
[0;32mI (453) efuse_init: Chip rev:         v3.1[0m
[0;32mI (458) heap_init: Initializing. RAM available for dynamic allocation:[0m
[0;32mI (465) heap_init: At 3FFAE6E0 len 00001920 (6 KiB): DRAM[0m
[0;32mI (471) heap_init: At 3FFB80F8 len 00027F08 (159 KiB): DRAM[0m
[0;32mI (478) heap_init: At 3FFE0440 len 00003AE0 (14 KiB): D/IRAM[0m
[0;32mI (484) heap_init: At 3FFE4350 len 0001BCB0 (111 KiB): D/IRAM[0m
[0;32mI (490) heap_init: At 4009734C len 00008CB4 (35 KiB): IRAM[0m
[0;32mI (498) spi_flash: detected chip: generic[0m
[0;32mI (501) spi_flash: flash io: dio[0m
[0;33mW (505) spi_flash: Detected size(4096k) larger than the size in the binary image header(2048k). Using the size in the binary image header.[0m
[0;32mI (519) main_task: Started on CPU0[0m
[0;32mI (529) main_task: Calling app_main()[0m
[0;32mI (559) wifi:wifi driver task: 3ffc0084, prio:23, stack:6656, core=0[0m
[0;32mI (569) wifi:wifi firmware version: ccaebfa[0m
[0;32mI (569) wifi:wifi certification version: v7.0[0m
[0;32mI (569) wifi:config NVS flash: enabled[0m
[0;32mI (569) wifi:config nano formating: disabled[0m
[0;32mI (569) wifi:Init data frame dynamic rx buffer num: 32[0m
[0;32mI (579) wifi:Init static rx mgmt buffer num: 5[0m
[0;32mI (579) wifi:Init management short buffer num: 32[0m
[0;32mI (589) wifi:Init dynamic tx buffer num: 32[0m
[0;32mI (589) wifi:Init static rx buffer size: 2212[0m
[0;32mI (599) wifi:Init static rx buffer num: 10[0m
[0;32mI (599) wifi:Init dynamic rx buffer num: 32[0m
[0;32mI (599) wifi_init: rx ba win: 6[0m
[0;32mI (609) wifi_init: accept mbox: 6[0m
[0;32mI (609) wifi_init: tcpip mbox: 32[0m
[0;32mI (609) wifi_init: udp mbox: 6[0m
[0;32mI (619) wifi_init: tcp mbox: 6[0m
[0;32mI (619) wifi_init: tcp tx win: 5760[0m
[0;32mI (629) wifi_init: tcp rx win: 5760[0m
[0;32mI (629) wifi_init: tcp mss: 1440[0m
[0;32mI (629) wifi_init: WiFi IRAM OP enabled[0m
[0;32mI (639) wifi_init: WiFi RX IRAM OP enabled[0m
[0;33mW (639) wifi:Password length matches WPA2 standards, authmode threshold changes from OPEN to WPA2[0m
[0;32mI (649) wifi:Set ps type: 0, coexist: 0[0m

[0;32mI (659) phy_init: phy_version 4830,54550f7,Jun 20 2024,14:22:08[0m
[0;33mW (739) phy_init: saving new calibration data because of checksum failure, mode(0)[0m
[0;32mI (769) wifi:mode : sta (d4:e9:f4:66:5f:ec)[0m
[0;32mI (769) wifi:enable tsf[0m
[0;32mI (779) main_task: Returned from app_main()[0m
[0;32mI (789) wifi:new:<11,0>, old:<1,0>, ap:<255,255>, sta:<11,0>, prof:1, snd_ch_cfg:0x0[0m
[0;32mI (789) wifi:state: init -> auth (0xb0)[0m
[0;32mI (5569) wifi:state: auth -> init (0x200)[0m
[0;32mI (5589) wifi:new:<11,0>, old:<11,0>, ap:<255,255>, sta:<11,0>, prof:1, snd_ch_cfg:0x0[0m
[0;32mI (5589) CSI: Reconnecting...[0m
[0;32mI (7999) CSI: Reconnecting...[0m
[0;32mI (8009) wifi:new:<11,0>, old:<11,0>, ap:<255,255>, sta:<11,0>, prof:1, snd_ch_cfg:0x0[0m
[0;32mI (8009) wifi:state: init -> auth (0xb0)[0m
[0;32mI (9359) wifi:state: auth -> assoc (0x0)[0m
[0;32mI (9359) wifi:Association refused temporarily time 1000, comeback time 1100 (TUs)[0m
[0;32mI (10489) wifi:state: assoc -> auth (0xb0)[0m
[0;32mI (11489) wifi:state: auth -> init (0x200)[0m
[0;32mI (11499) wifi:new:<11,0>, old:<11,0>, ap:<255,255>, sta:<11,0>, prof:1, snd_ch_cfg:0x0[0m
[0;32mI (11499) CSI: Reconnecting...[0m
[0;32mI (13909) CSI: Reconnecting...[0m
[0;32mI (13919) wifi:new:<11,0>, old:<11,0>, ap:<255,255>, sta:<11,0>, prof:1, snd_ch_cfg:0x0[0m
[0;32mI (13929) wifi:state: init -> auth (0xb0)[0m
[0;32mI (15369) wifi:state: auth -> assoc (0x0)[0m
[0;32mI (15379) wifi:state: assoc -> run (0x10)[0m
[0;32mI (15399) wifi:connected with OnePlus Nord CE 3 Lite 5G, aid = 9, channel 11, BW20, bssid = 06:03:6f:a0:2e:6f[0m
[0;32mI (15399) wifi:security: WPA3-SAE, phy: bgn, rssi: -34[0m
[0;32mI (15409) wifi:pm start, type: 0[0m

[0;32mI (15409) wifi:dp: 1, bi: 102400, li: 3, scale listen interval from 307200 us to 307200 us[0m
[0;32mI (15419) wifi:dp: 2, bi: 102400, li: 4, scale listen interval from 307200 us to 409600 us[0m
[0;32mI (15419) wifi:AP's beacon interval = 102400 us, DTIM period = 2[0m
[0;32mI (16419) esp_netif_handlers: sta ip: 10.154.45.98, mask: 255.255.255.0, gw: 10.154.45.221[0m
[0;32mI (16419) CSI: WiFi Connected - CSI Started[0m
